// Jest Snapshot v1, https://goo.gl/fbAQLP

exports[`Server - e2e gets list of cards 1`] = `
Object {
  "data": Object {
    "cards": Array [
      Object {
        "description": "Accusantium voluptate eligendi modi.",
        "id": "00db889a-4673-4ba4-9bea-c78c76726167",
        "label": "sed et nihil",
        "number": 84706,
      },
      Object {
        "description": "Neque vel voluptatem dolorem labore.",
        "id": "00b9c02e-538d-4a38-a40e-fc13ecc26c5d",
        "label": "voluptates delectus quisquam",
        "number": 43071,
      },
      Object {
        "description": "Molestiae sapiente minima sit assumenda aut suscipit maiores ducimus quo.",
        "id": "00e7eff7-3a9c-4430-a5a0-4c772e0d5295",
        "label": "fugit vero inventore",
        "number": 83651,
      },
      Object {
        "description": "Consectetur cumque occaecati cumque.",
        "id": "003e91f2-d4ab-43e2-9557-ec9f051ff1e5",
        "label": "ducimus ut exercitationem",
        "number": 94667,
      },
      Object {
        "description": "Qui ut vitae quia unde.",
        "id": "00bc172b-efe8-4237-9d42-9dd7e58d5611",
        "label": "vel accusantium maiores",
        "number": 71191,
      },
      Object {
        "description": "Voluptatem ipsum et sit at.",
        "id": "007d3032-42f4-4fe5-8efb-45a969775227",
        "label": "id animi itaque",
        "number": 23164,
      },
      Object {
        "description": "Iusto similique unde quia voluptatum veritatis id dolorem sint necessitatibus.",
        "id": "0083693a-d6dd-4f57-bf07-6ae571f9453c",
        "label": "commodi est dolor",
        "number": 8007,
      },
      Object {
        "description": "Dolore sed est minima.",
        "id": "0081b18d-049b-4743-b9f5-7f6bd65c2653",
        "label": "voluptates velit beatae",
        "number": 61146,
      },
      Object {
        "description": "Et facere officia nobis excepturi explicabo expedita.",
        "id": "00c561e3-bf78-4267-bd27-f3c640a251ab",
        "label": "animi fugiat et",
        "number": 56631,
      },
      Object {
        "description": "Numquam rem rerum amet.",
        "id": "007cb944-1d53-4ac5-9d1b-945cbe718ec9",
        "label": "et earum nostrum",
        "number": 51455,
      },
      Object {
        "description": "Maiores non consequatur sequi et similique.",
        "id": "00db276f-11c7-41cd-a0eb-c1f3a57c35dd",
        "label": "culpa quisquam explicabo",
        "number": 20229,
      },
      Object {
        "description": "Esse sit consequuntur molestiae distinctio doloremque odio cum similique.",
        "id": "009ea530-72a1-4d17-9673-7c66cbee0b40",
        "label": "delectus atque voluptates",
        "number": 251,
      },
      Object {
        "description": "Vel excepturi nihil temporibus qui.",
        "id": "00dad97d-d5fb-434d-91b5-5d0f8b784a2c",
        "label": "atque rem quia",
        "number": 71428,
      },
      Object {
        "description": "Ducimus qui qui cum.",
        "id": "00ca9cbf-8758-41d7-b11e-f9f9433c2f4c",
        "label": "sequi corrupti et",
        "number": 20467,
      },
      Object {
        "description": "Eveniet quas et voluptatem sit dolores dignissimos minus qui.",
        "id": "005623be-b0c1-4a8f-a629-9099eb6a9975",
        "label": "molestias nihil reiciendis",
        "number": 26391,
      },
      Object {
        "description": "Vel voluptas saepe eos nam fugiat vel corrupti exercitationem.",
        "id": "00142f82-74ca-4fbc-a0b2-3be7b7f3a38f",
        "label": "qui sint minima",
        "number": 27934,
      },
      Object {
        "description": "Dolorum excepturi dolorem vero sequi cum.",
        "id": "008d1c4c-5dec-42bb-910b-c6db034c26e8",
        "label": "ea in repellendus",
        "number": 69690,
      },
      Object {
        "description": "Suscipit fugiat corrupti impedit quos reprehenderit impedit ex.",
        "id": "008b801c-3d18-4d99-baab-bbdf1f60fe97",
        "label": "voluptatem ipsa voluptate",
        "number": 95821,
      },
      Object {
        "description": "Qui rerum nemo suscipit rerum voluptatem.",
        "id": "004cf4ee-66ee-40ba-b784-d140d77e0746",
        "label": "ducimus laboriosam porro",
        "number": 68703,
      },
      Object {
        "description": "Est est non officiis.",
        "id": "00736e22-f611-4fa9-ad5f-09647c79dc8e",
        "label": "rerum officia odio",
        "number": 26083,
      },
      Object {
        "description": "Omnis ut qui et qui illum accusamus libero quibusdam veritatis.",
        "id": "001fd0ab-0e0e-4973-9f66-12156bfb4454",
        "label": "culpa ipsam voluptatibus",
        "number": 85750,
      },
      Object {
        "description": "Dolorum est mollitia eum adipisci rerum aliquam et quia optio.",
        "id": "004ee750-5f28-4280-b6f7-4e37d82075c6",
        "label": "autem ratione velit",
        "number": 62858,
      },
      Object {
        "description": "Ad ex enim rerum eveniet fugit.",
        "id": "0030d3fd-912a-4e60-8ffa-110e76d5c7a9",
        "label": "enim error ullam",
        "number": 19467,
      },
      Object {
        "description": "Eaque cupiditate illum pariatur esse cupiditate reprehenderit praesentium fugit.",
        "id": "008f3b12-ae77-4f5c-9f80-551206b9b42e",
        "label": "laboriosam rerum nulla",
        "number": 60443,
      },
      Object {
        "description": "Omnis distinctio omnis et eligendi.",
        "id": "008cd28d-39ca-4fee-a265-f02ab532bfb2",
        "label": "architecto nesciunt libero",
        "number": 50474,
      },
    ],
  },
}
`;
